
> qtusdevmarket@0.1.0 build
> next build

  â–² Next.js 14.2.33
  - Environments: .env

   Creating an optimized production build ...
node.exe : Browserslist: browsers data (caniuse-lite) is 7 
months old. Please run:
At line:1 char:1
+ & "C:\Program Files\nodejs/node.exe" "C:\Program 
Files\nodejs/node_mo ...
+ ~~~~~~~~~~~~~~~~~~~~~~~~~~~~~~~~~~~~~~~~~~~~~~~~~~~~~~~~~~~~~~
~~~~~~~
    + CategoryInfo          : NotSpecified: (Browserslist: b... 
   ld. Please run::String) [], RemoteException
    + FullyQualifiedErrorId : NativeCommandError
 
  npx update-browserslist-db@latest
  Why you should do it regularly: 
https://github.com/browserslist/update-db#readme
 âœ“ Compiled successfully
   Skipping linting
   Checking validity of types ...
   Collecting page data ...
   Generating static pages (0/75) ...
[2026-03-07T10:37:44.776Z] [WARN] Admin verification failed 
{"error":"Dynamic server usage: Route /api/admin/verify 
couldn't be rendered statically because it used 
`request.cookies`. See more info here: 
https://nextjs.org/docs/messages/dynamic-server-error"}
   Generating static pages (18/75) 
[2026-03-07T10:37:45.948Z] [ERROR] MySQL: query error 
{"sql":"\n      SELECT column_name, data_type, is_nullable, 
column_default\n      FROM 
information_schema.colu","error":"MYSQL_HOST is required"}
   Generating static pages (37/75) 
[2026-03-07T10:37:47.656Z] [WARN] Firebase token verification 
failed {"error":"Dynamic server usage: Route 
/api/dashboard/orders couldn't be rendered statically because 
it used `request.headers`. See more info here: 
https://nextjs.org/docs/messages/dynamic-server-error"}
   Generating static pages (56/75) 
 âœ“ Generating static pages (75/75)
   Finalizing page optimization ...
   Collecting build traces ...

Route (app)                              Size     First Load JS
â”Œ â—‹ /                                    15.6 kB         196 kB
â”œ â—‹ /_not-found                          880 B          89.1 kB
â”œ Æ’ /admin                               59.1 kB         309 kB
â”œ Æ’ /admin/login                         6.46 kB         117 kB
â”œ Æ’ /admin/sync-check                    8.28 kB         103 kB
â”œ Æ’ /api/admin-login                     0 B                0 B
â”œ Æ’ /api/admin/approve-deposit           0 B                0 B
â”œ Æ’ /api/admin/approve-withdrawal        0 B                0 B
â”œ Æ’ /api/admin/force-sync-user           0 B                0 B
â”œ Æ’ /api/admin/logout                    0 B                0 B
â”œ Æ’ /api/admin/notifications             0 B                0 B
â”œ Æ’ /api/admin/send-telegram             0 B                0 B
â”œ Æ’ /api/admin/verify                    0 B                0 B
â”œ Æ’ /api/ai/generate-description         0 B                0 B
â”œ Æ’ /api/ai/product-support              0 B                0 B
â”œ Æ’ /api/analytics/track                 0 B                0 B
â”œ Æ’ /api/auth-callback                   0 B                0 B
â”œ Æ’ /api/auth/[...nextauth]              0 B                0 B
â”œ Æ’ /api/change-password-fallback        0 B                0 B
â”œ Æ’ /api/chat                            0 B                0 B
â”œ Æ’ /api/check-deposits-schema           0 B                0 B
â”œ Æ’ /api/check-tables                    0 B                0 B
â”œ Æ’ /api/coupons                         0 B                0 B
â”œ Æ’ /api/coupons/apply                   0 B                0 B
â”œ Æ’ /api/dashboard/events                0 B                0 B
â”œ Æ’ /api/dashboard/orders                0 B                0 B
â”œ Æ’ /api/deposits                        0 B                0 B
â”œ Æ’ /api/get-user                        0 B                0 B
â”œ Æ’ /api/get-users                       0 B                0 B
â”œ Æ’ /api/health                          0 B                0 B
â”œ Æ’ /api/health/database                 0 B                0 B
â”œ Æ’ /api/login                           0 B                0 B
â”œ Æ’ /api/logs                            0 B                0 B
â”œ Æ’ /api/notifications                   0 B                0 B
â”œ Æ’ /api/notifications/[id]              0 B                0 B
â”œ Æ’ /api/notifications/send-global       0 B                0 B
â”œ Æ’ /api/products                        0 B                0 B
â”œ Æ’ /api/products/[id]                   0 B                0 B
â”œ Æ’ /api/products/[id]/download          0 B                0 B
â”œ Æ’ /api/products/ratings                0 B                0 B
â”œ Æ’ /api/products/search                 0 B                0 B
â”œ Æ’ /api/profile                         0 B                0 B
â”œ Æ’ /api/profile/2fa/disable             0 B                0 B
â”œ Æ’ /api/profile/2fa/setup               0 B                0 B
â”œ Æ’ /api/profile/2fa/verify              0 B                0 B
â”œ Æ’ /api/profile/avatar                  0 B                0 B
â”œ Æ’ /api/purchases                       0 B                0 B
â”œ Æ’ /api/referrals                       0 B                0 B
â”œ Æ’ /api/register                        0 B                0 B
â”œ Æ’ /api/request-password-reset          0 B                0 B
â”œ Æ’ /api/reset-password                  0 B                0 B
â”œ Æ’ /api/reviews                         0 B                0 B
â”œ Æ’ /api/save-notification               0 B                0 B
â”œ Æ’ /api/save-user                       0 B                0 B
â”œ Æ’ /api/save-user-pg                    0 B                0 B
â”œ Æ’ /api/save-users                      0 B                0 B
â”œ Æ’ /api/send-notification               0 B                0 B
â”œ Æ’ /api/send-telegram                   0 B                0 B
â”œ Æ’ /api/send-whatsapp                   0 B                0 B
â”œ Æ’ /api/settings                        0 B                0 B
â”œ Æ’ /api/sign-in-fallback                0 B                0 B
â”œ Æ’ /api/sign-in-social-fallback         0 B                0 B
â”œ Æ’ /api/sign-up-fallback                0 B                0 B
â”œ Æ’ /api/telegram-status                 0 B                0 B
â”œ Æ’ /api/telegram-webhook                0 B                0 B
â”œ â—‹ /api/test-notifications              0 B                0 B
â”œ Æ’ /api/test-whatsapp                   0 B                0 B
â”œ Æ’ /api/users                           0 B                0 B
â”œ Æ’ /api/wishlist                        0 B                0 B
â”œ Æ’ /api/withdrawals                     0 B                0 B
â”œ â—‹ /auth/forgot-password                7.43 kB         127 kB
â”œ â—‹ /auth/login                          6.29 kB         130 kB
â”œ â—‹ /auth/register                       10.1 kB         134 kB
â”œ â—‹ /auth/reset-password                 4.38 kB         111 kB
â”œ â—‹ /cart                                6.02 kB         142 kB
â”œ â—‹ /categories                          5.73 kB         137 kB
â”œ â—‹ /checkout                            5.25 kB         141 kB
â”œ â—‹ /dashboard                           148 B          88.4 kB
â”œ â—‹ /dashboard/change-password           3 kB            139 kB
â”œ â—‹ /dashboard/orders                    1.85 kB         150 kB
â”œ â—‹ /dashboard/overview                  28.4 kB         313 kB
â”œ â—‹ /dashboard/security                  4.3 kB          137 kB
â”œ â—‹ /dashboard/wallet                    3.05 kB         158 kB
â”œ â—‹ /deposit                             7.95 kB         172 kB
â”œ â—‹ /privacy                             1.53 kB         133 kB
â”œ â—‹ /product-info                        10.5 kB         154 kB
â”œ â—‹ /products                            6.32 kB         155 kB
â”œ â—‹ /support                             13.1 kB         156 kB
â”œ â—‹ /terms                               1.42 kB         133 kB
â”œ â—‹ /test-integration                    7.99 kB         103 kB
â”” â—‹ /withdraw                            8.36 kB         172 kB
+ First Load JS shared by all            88.2 kB
  â”œ chunks/2117-bc27dab4abda0bbb.js      31.9 kB
  â”œ chunks/fd9d1056-38f821b6bf952ec4.js  53.6 kB
  â”” other shared chunks (total)          2.69 kB


Æ’ Middleware                             25.8 kB

â—‹  (Static)   prerendered as static content
Æ’  (Dynamic)  server-rendered on demand

