tests/auth/localStorage.spec.ts(1,30): error TS2307: Cannot find module '@playwright/test' or its corresponding type declarations.
tests/auth/localStorage.spec.ts(4,61): error TS7031: Binding element 'page' implicitly has an 'any' type.
